BL51 BANKED LINKER/LOCATER V6.22.4.0                                                    02/06/2025  19:10:29  PAGE 1


BL51 BANKED LINKER/LOCATER V6.22.4.0, INVOKED BY:
C:\KEIL_V5\C51\BIN\BL51.EXE smg_2.obj TO smg_2 RAMSIZE (256)


MEMORY MODEL: SMALL WITH FLOATING POINT ARITHMETIC


INPUT MODULES INCLUDED:
  smg_2.obj (SMG_2)
  C:\KEIL_V5\C51\LIB\C51FPS.LIB (?C?FPMUL)
  C:\KEIL_V5\C51\LIB\C51FPS.LIB (?C?FPDIV)
  C:\KEIL_V5\C51\LIB\C51FPS.LIB (?C?FCAST)
  C:\KEIL_V5\C51\LIB\C51FPS.LIB (?C?CASTF)
  C:\KEIL_V5\C51\LIB\C51FPS.LIB (?C?FPGETOPN)
  C:\KEIL_V5\C51\LIB\C51S.LIB (?C_STARTUP)
  C:\KEIL_V5\C51\LIB\C51S.LIB (?C?UIDIV)
  C:\KEIL_V5\C51\LIB\C51S.LIB (?C?LNEG)
  C:\KEIL_V5\C51\LIB\C51S.LIB (?C_INIT)


LINK MAP OF MODULE:  smg_2 (SMG_2)


            TYPE    BASE      LENGTH    RELOCATION   SEGMENT NAME
            -----------------------------------------------------

            * * * * * * *   D A T A   M E M O R Y   * * * * * * *
            REG     0000H     0008H     ABSOLUTE     "REG BANK 0"
            DATA    0008H     0007H     UNIT         ?DT?SMG_2
            DATA    000FH     0004H     UNIT         _DATA_GROUP_
            IDATA   0013H     0001H     UNIT         ?STACK

            * * * * * * *   C O D E   M E M O R Y   * * * * * * *
            CODE    0000H     0003H     ABSOLUTE     
                    0003H     0008H                  *** GAP ***
            CODE    000BH     0003H     ABSOLUTE     
            CODE    000EH     02C8H     UNIT         ?C?LIB_CODE
            CODE    02D6H     00CCH     UNIT         ?PR?MEASURE_DISTANCE?SMG_2
            CODE    03A2H     00AEH     UNIT         ?PR?_DISPLAY_FLOAT?SMG_2
            CODE    0450H     00A5H     UNIT         ?PR?_SEND_DISTANCE?SMG_2
            CODE    04F5H     008CH     UNIT         ?C_C51STARTUP
            CODE    0581H     0030H     UNIT         ?PR?MAIN?SMG_2
            CODE    05B1H     0026H     UNIT         ?PR?_DELAY?SMG_2
            CODE    05D7H     0015H     UNIT         ?PR?UART_INIT?SMG_2
            CODE    05ECH     0015H     UNIT         ?PR?_SEND_CHAR?SMG_2
            CODE    0601H     0010H     UNIT         ?CO?SMG_2
            CODE    0611H     000BH     UNIT         ?PR?_DELAY_US?SMG_2
            CODE    061CH     0009H     UNIT         ?PR?TIME0?SMG_2
            CODE    0625H     0009H     UNIT         ?C_INITSEG



OVERLAY MAP OF MODULE:   smg_2 (SMG_2)


SEGMENT                              DATA_GROUP 
  +--> CALLED SEGMENT              START    LENGTH
--------------------------------------------------
BL51 BANKED LINKER/LOCATER V6.22.4.0                                                  02/06/2025  19:10:29  PAGE 2


?C_C51STARTUP                      -----    -----
  +--> ?PR?MAIN?SMG_2
  +--> ?C_INITSEG

?PR?MAIN?SMG_2                     -----    -----
  +--> ?PR?UART_INIT?SMG_2
  +--> ?PR?MEASURE_DISTANCE?SMG_2
  +--> ?PR?_DISPLAY_FLOAT?SMG_2
  +--> ?PR?_SEND_DISTANCE?SMG_2

?PR?MEASURE_DISTANCE?SMG_2         000FH    0004H
  +--> ?PR?_DELAY_US?SMG_2

?PR?_DISPLAY_FLOAT?SMG_2           000FH    0002H
  +--> ?CO?SMG_2
  +--> ?PR?_DELAY?SMG_2

?PR?_SEND_DISTANCE?SMG_2           000FH    0001H
  +--> ?PR?_SEND_CHAR?SMG_2



SYMBOL TABLE OF MODULE:  smg_2 (SMG_2)

  VALUE           TYPE          NAME
  ----------------------------------

  -------         MODULE        SMG_2
  C:0000H         SYMBOL        _ICE_DUMMY_
  D:0080H         PUBLIC        P0
  B:0090H.1       PUBLIC        Echo
  D:0090H         PUBLIC        P1
  D:00A0H         PUBLIC        P2
  D:00B0H         PUBLIC        P3
  B:00A8H.7       PUBLIC        EA
  D:00A8H         PUBLIC        IE
  C:05B7H         PUBLIC        _delay
  D:0008H         PUBLIC        disnum
  B:0090H.0       PUBLIC        Trig
  D:00B8H         PUBLIC        IP
  B:0098H.1       PUBLIC        TI
  C:0581H         PUBLIC        main
  B:00A0H.6       PUBLIC        dula
  C:02D6H         PUBLIC        measure_distance
  B:00A0H.7       PUBLIC        wela
  C:05F9H         PUBLIC        _send_char
  D:0099H         PUBLIC        SBUF
  D:0087H         PUBLIC        PCON
  D:0098H         PUBLIC        SCON
  D:0089H         PUBLIC        TMOD
  D:0088H         PUBLIC        TCON
  C:0611H         PUBLIC        _Delay_us
  C:0601H         PUBLIC        table_du
  B:00A8H.1       PUBLIC        ET0
  D:008CH         PUBLIC        TH0
  D:008DH         PUBLIC        TH1
  D:000AH         PUBLIC        distance
BL51 BANKED LINKER/LOCATER V6.22.4.0                                                  02/06/2025  19:10:29  PAGE 3


  D:000CH         PUBLIC        fm_flag
  D:008AH         PUBLIC        TL0
  D:000EH         PUBLIC        num
  D:008BH         PUBLIC        TL1
  B:00A0H.3       PUBLIC        fm
  C:05D7H         PUBLIC        uart_init
  B:0088H.4       PUBLIC        TR0
  B:0088H.6       PUBLIC        TR1
  C:0450H         PUBLIC        _send_distance
  C:061CH         PUBLIC        time0
  D:00C8H         PUBLIC        T2CON
  C:03A2H         PUBLIC        _display_float
  D:00D0H         PUBLIC        PSW
  -------         PROC          MAIN
  C:0581H         LINE#         63
  C:0581H         LINE#         64
  C:0581H         LINE#         66
  C:0584H         LINE#         67
  C:0587H         LINE#         68
  C:0589H         LINE#         70
  C:058CH         LINE#         72
  C:058EH         LINE#         73
  C:0590H         LINE#         75
  C:0590H         LINE#         76
  C:0590H         LINE#         77
  C:0593H         LINE#         78
  C:059AH         LINE#         81
  C:05A2H         LINE#         82
  C:05A2H         LINE#         83
  C:05A4H         LINE#         84
  C:05A6H         LINE#         86
  C:05A6H         LINE#         87
  C:05A8H         LINE#         88
  C:05A8H         LINE#         90
  C:05AFH         LINE#         91
  -------         ENDPROC       MAIN
  -------         PROC          TIME0
  C:061CH         LINE#         95
  C:061CH         LINE#         97
  C:061FH         LINE#         98
  C:0622H         LINE#         99
  C:0624H         LINE#         100
  -------         ENDPROC       TIME0
  -------         PROC          _DISPLAY_FLOAT
  D:000FH         SYMBOL        num
  C:03A2H         LINE#         103
  C:03A6H         LINE#         104
  C:03A6H         LINE#         106
  C:03BBH         LINE#         107
  C:03BDH         LINE#         108
  C:03BFH         LINE#         109
  C:03C2H         LINE#         110
  C:03C2H         LINE#         111
  C:03C2H         LINE#         112
  C:03C5H         LINE#         115
  C:03EBH         LINE#         116
  C:03EDH         LINE#         117
BL51 BANKED LINKER/LOCATER V6.22.4.0                                                  02/06/2025  19:10:29  PAGE 4


  C:03EFH         LINE#         118
  C:03F2H         LINE#         119
  C:03F2H         LINE#         120
  C:03F2H         LINE#         121
  C:03F5H         LINE#         124
  C:041DH         LINE#         125
  C:041FH         LINE#         126
  C:0421H         LINE#         127
  C:0424H         LINE#         128
  C:0424H         LINE#         129
  C:0424H         LINE#         130
  C:0427H         LINE#         133
  C:0440H         LINE#         134
  C:0442H         LINE#         135
  C:0444H         LINE#         136
  C:0447H         LINE#         137
  C:0449H         LINE#         138
  C:044BH         LINE#         139
  -------         ENDPROC       _DISPLAY_FLOAT
  -------         PROC          UART_INIT
  C:05D7H         LINE#         143
  C:05D7H         LINE#         144
  C:05D7H         LINE#         145
  C:05DAH         LINE#         146
  C:05DDH         LINE#         147
  C:05E0H         LINE#         148
  C:05E3H         LINE#         149
  C:05E6H         LINE#         150
  C:05E9H         LINE#         151
  C:05EBH         LINE#         152
  -------         ENDPROC       UART_INIT
  -------         PROC          L?0043
  -------         ENDPROC       L?0043
  -------         PROC          _SEND_CHAR
  D:0007H         SYMBOL        ch
  C:05F9H         LINE#         154
  C:05F9H         LINE#         155
  C:05F9H         LINE#         156
  C:05FBH         LINE#         157
  C:05FEH         LINE#         158
  C:0600H         LINE#         159
  -------         ENDPROC       _SEND_CHAR
  -------         PROC          _SEND_DISTANCE
  D:0082H         SYMBOL        distance
  -------         DO            
  D:0002H         SYMBOL        integer_part
  D:000FH         SYMBOL        decimal_part
  -------         ENDDO         
  C:0450H         LINE#         162
  C:0454H         LINE#         163
  C:0454H         LINE#         164
  C:045FH         LINE#         165
  C:046CH         LINE#         168
  C:0475H         LINE#         169
  C:0475H         LINE#         170
  C:047AH         LINE#         171
  C:0493H         LINE#         172
BL51 BANKED LINKER/LOCATER V6.22.4.0                                                  02/06/2025  19:10:29  PAGE 5


  C:049FH         LINE#         173
  C:04A1H         LINE#         174
  C:04ACH         LINE#         175
  C:04ACH         LINE#         176
  C:04AFH         LINE#         177
  C:04B4H         LINE#         178
  C:04C0H         LINE#         179
  C:04C2H         LINE#         181
  C:04C2H         LINE#         182
  C:04C5H         LINE#         183
  C:04C8H         LINE#         184
  C:04CFH         LINE#         185
  C:04CFH         LINE#         188
  C:04D4H         LINE#         189
  C:04DCH         LINE#         190
  C:04E1H         LINE#         191
  C:04E6H         LINE#         192
  C:04EBH         LINE#         193
  C:04F0H         LINE#         194
  -------         ENDPROC       _SEND_DISTANCE
  -------         PROC          _DELAY_US
  D:0006H         SYMBOL        us
  C:0611H         LINE#         198
  C:0611H         LINE#         199
  C:0611H         LINE#         200
  C:061BH         LINE#         201
  -------         ENDPROC       _DELAY_US
  -------         PROC          MEASURE_DISTANCE
  -------         DO            
  D:0002H         SYMBOL        time
  D:000FH         SYMBOL        temp_distance
  -------         ENDDO         
  C:02D6H         LINE#         204
  C:02D6H         LINE#         205
  C:02D6H         LINE#         206
  C:02D9H         LINE#         207
  C:02E1H         LINE#         210
  C:02E3H         LINE#         211
  C:02E9H         LINE#         212
  C:02EBH         LINE#         213
  C:02F2H         LINE#         214
  C:02F4H         LINE#         216
  C:02F7H         LINE#         218
  C:02FAH         LINE#         219
  C:02FCH         LINE#         220
  C:02FEH         LINE#         221
  C:0301H         LINE#         222
  C:0301H         LINE#         223
  C:0308H         LINE#         224
  C:0308H         LINE#         225
  C:030AH         LINE#         226
  C:0311H         LINE#         228
  C:0311H         LINE#         229
  C:0311H         LINE#         230
  C:0313H         LINE#         233
  C:0321H         LINE#         234
  C:0347H         LINE#         235
BL51 BANKED LINKER/LOCATER V6.22.4.0                                                  02/06/2025  19:10:29  PAGE 6


  C:0360H         LINE#         238
  C:036BH         LINE#         239
  C:0373H         LINE#         240
  C:037EH         LINE#         241
  C:0384H         LINE#         244
  C:038FH         LINE#         245
  C:038FH         LINE#         246
  C:0395H         LINE#         247
  C:0397H         LINE#         249
  C:0397H         LINE#         250
  C:039CH         LINE#         251
  C:039CH         LINE#         254
  C:039FH         LINE#         255
  C:03A1H         LINE#         256
  -------         ENDPROC       MEASURE_DISTANCE
  C:05B1H         SYMBOL        L?0045
  -------         PROC          L?0044
  -------         ENDPROC       L?0044
  C:05B1H         SYMBOL        L?0045
  -------         PROC          _DELAY
  D:0007H         SYMBOL        x
  -------         DO            
  D:0006H         SYMBOL        i
  D:0004H         SYMBOL        j
  -------         ENDDO         
  C:05B7H         LINE#         259
  C:05B7H         LINE#         260
  C:05B7H         LINE#         262
  C:05C2H         LINE#         263
  C:05D6H         LINE#         264
  -------         ENDPROC       _DELAY
  -------         ENDMOD        SMG_2

  -------         MODULE        ?C?FPMUL
  C:000EH         PUBLIC        ?C?FPMUL
  -------         ENDMOD        ?C?FPMUL

  -------         MODULE        ?C?FPDIV
  C:0117H         PUBLIC        ?C?FPDIV
  -------         ENDMOD        ?C?FPDIV

  -------         MODULE        ?C?FCAST
  C:01BEH         PUBLIC        ?C?FCASTC
  C:01B9H         PUBLIC        ?C?FCASTI
  C:01B4H         PUBLIC        ?C?FCASTL
  -------         ENDMOD        ?C?FCAST

  -------         MODULE        ?C?CASTF
  C:01F2H         PUBLIC        ?C?CASTF
  -------         ENDMOD        ?C?CASTF

  -------         MODULE        ?C?UIDIV
  C:0273H         PUBLIC        ?C?UIDIV
  -------         ENDMOD        ?C?UIDIV

  -------         MODULE        ?C?LNEG
  C:02C8H         PUBLIC        ?C?LNEG
BL51 BANKED LINKER/LOCATER V6.22.4.0                                                  02/06/2025  19:10:29  PAGE 7


  -------         ENDMOD        ?C?LNEG

Program Size: data=20.0 xdata=0 code=1574
LINK/LOCATE RUN COMPLETE.  0 WARNING(S),  0 ERROR(S)
